
=================================== ERRORS ====================================
_______________ ERROR collecting tests/test_import_adventure.py _______________
tests\test_import_adventure.py:3: in <module>
    import adventure.adventure as adv
adventure\__init__.py:29: in <module>
    from .adventure import Adventure
adventure\adventure.py:140: in <module>
    from .adventureset import AdventureSetCommands
adventure\adventureset.py:56: in <module>
    class AdventureSetCommands(AdventureMixin):
adventure\adventureset.py:128: in AdventureSetCommands
    @adventureset_locks.command(name="user")
     ^^^^^^^^^^^^^^^^^^^^^^^^^^
E   AttributeError: 'function' object has no attribute 'command'

During handling of the above exception, another exception occurred:
tests\test_import_adventure.py:10: in <module>
    import inspect, adventure
adventure\__init__.py:29: in <module>
    from .adventure import Adventure
adventure\adventure.py:140: in <module>
    from .adventureset import AdventureSetCommands
adventure\adventureset.py:56: in <module>
    class AdventureSetCommands(AdventureMixin):
adventure\adventureset.py:128: in AdventureSetCommands
    @adventureset_locks.command(name="user")
     ^^^^^^^^^^^^^^^^^^^^^^^^^^
E   AttributeError: 'function' object has no attribute 'command'
------------------------------- Captured stdout -------------------------------
import failed: <class 'AttributeError'> 'function' object has no attribute 'command'

--- adventure.py head ---
------------------------------- Captured stderr -------------------------------
Traceback (most recent call last):
  File "Z:\GeneralsRPG\tests\test_import_adventure.py", line 3, in <module>
    import adventure.adventure as adv
  File "Z:\GeneralsRPG\adventure\__init__.py", line 29, in <module>
    from .adventure import Adventure
  File "Z:\GeneralsRPG\adventure\adventure.py", line 140, in <module>
    from .adventureset import AdventureSetCommands
  File "Z:\GeneralsRPG\adventure\adventureset.py", line 56, in <module>
    class AdventureSetCommands(AdventureMixin):
  File "Z:\GeneralsRPG\adventure\adventureset.py", line 128, in AdventureSetCommands
    @adventureset_locks.command(name="user")
     ^^^^^^^^^^^^^^^^^^^^^^^^^^
AttributeError: 'function' object has no attribute 'command'
_________________ ERROR collecting tests/unit/test_actions.py _________________
tests\unit\test_actions.py:14: in <module>
    import adventure.loot as lootmod
adventure\__init__.py:29: in <module>
    from .adventure import Adventure
adventure\adventure.py:140: in <module>
    from .adventureset import AdventureSetCommands
adventure\adventureset.py:56: in <module>
    class AdventureSetCommands(AdventureMixin):
adventure\adventureset.py:128: in AdventureSetCommands
    @adventureset_locks.command(name="user")
     ^^^^^^^^^^^^^^^^^^^^^^^^^^
E   AttributeError: 'function' object has no attribute 'command'
__________________ ERROR collecting tests/unit/test_build.py __________________
tests\unit\test_build.py:5: in <module>
    from adventure.loot import craft_from_blueprint
adventure\__init__.py:29: in <module>
    from .adventure import Adventure
adventure\adventure.py:140: in <module>
    from .adventureset import AdventureSetCommands
adventure\adventureset.py:56: in <module>
    class AdventureSetCommands(AdventureMixin):
adventure\adventureset.py:128: in AdventureSetCommands
    @adventureset_locks.command(name="user")
     ^^^^^^^^^^^^^^^^^^^^^^^^^^
E   AttributeError: 'function' object has no attribute 'command'
_____________ ERROR collecting tests/unit/test_build_edgecases.py _____________
C:\Users\Bravo15\AppData\Roaming\Python\Python311\site-packages\_pytest\python.py:498: in importtestmodule
    mod = import_path(
C:\Users\Bravo15\AppData\Roaming\Python\Python311\site-packages\_pytest\pathlib.py:587: in import_path
    importlib.import_module(module_name)
C:\Program Files\Python311\Lib\importlib\__init__.py:126: in import_module
    return _bootstrap._gcd_import(name[level:], package, level)
           ^^^^^^^^^^^^^^^^^^^^^^^^^^^^^^^^^^^^^^^^^^^^^^^^^^^^
<frozen importlib._bootstrap>:1204: in _gcd_import
    ???
<frozen importlib._bootstrap>:1176: in _find_and_load
    ???
<frozen importlib._bootstrap>:1147: in _find_and_load_unlocked
    ???
<frozen importlib._bootstrap>:690: in _load_unlocked
    ???
C:\Users\Bravo15\AppData\Roaming\Python\Python311\site-packages\_pytest\assertion\rewrite.py:177: in exec_module
    source_stat, co = _rewrite_test(fn, self.config)
                      ^^^^^^^^^^^^^^^^^^^^^^^^^^^^^^
C:\Users\Bravo15\AppData\Roaming\Python\Python311\site-packages\_pytest\assertion\rewrite.py:357: in _rewrite_test
    tree = ast.parse(source, filename=strfn)
           ^^^^^^^^^^^^^^^^^^^^^^^^^^^^^^^^^
C:\Program Files\Python311\Lib\ast.py:50: in parse
    return compile(source, filename, mode, flags,
E     File "Z:\GeneralsRPG\tests\unit\test_build_edgecases.py", line 101
E       *** End Patch
E       ^^
E   SyntaxError: invalid syntax
______________ ERROR collecting tests/unit/test_cog_commands.py _______________
tests\unit\test_cog_commands.py:6: in <module>
    import adventure.units as unitsmod
adventure\__init__.py:29: in <module>
    from .adventure import Adventure
adventure\adventure.py:140: in <module>
    from .adventureset import AdventureSetCommands
adventure\adventureset.py:56: in <module>
    class AdventureSetCommands(AdventureMixin):
adventure\adventureset.py:128: in AdventureSetCommands
    @adventureset_locks.command(name="user")
     ^^^^^^^^^^^^^^^^^^^^^^^^^^
E   AttributeError: 'function' object has no attribute 'command'
_________________ ERROR collecting tests/unit/test_do_work.py _________________
tests\unit\test_do_work.py:3: in <module>
    from adventure.loot import LootCommands
adventure\__init__.py:29: in <module>
    from .adventure import Adventure
adventure\adventure.py:140: in <module>
    from .adventureset import AdventureSetCommands
adventure\adventureset.py:56: in <module>
    class AdventureSetCommands(AdventureMixin):
adventure\adventureset.py:128: in AdventureSetCommands
    @adventureset_locks.command(name="user")
     ^^^^^^^^^^^^^^^^^^^^^^^^^^
E   AttributeError: 'function' object has no attribute 'command'
_____________ ERROR collecting tests/unit/test_do_work_actions.py _____________
adventure\loot.py:63: in <module>
    from .abc import AdventureMixin
E   ImportError: attempted relative import with no known parent package

During handling of the above exception, another exception occurred:
tests\unit\test_do_work_actions.py:13: in <module>
    spec.loader.exec_module(loot_mod)
<frozen importlib._bootstrap_external>:940: in exec_module
    ???
<frozen importlib._bootstrap>:241: in _call_with_frames_removed
    ???
adventure\loot.py:79: in <module>
    from adventure.menus import BackpackMenu, BackpackSource
adventure\__init__.py:29: in <module>
    from .adventure import Adventure
adventure\adventure.py:140: in <module>
    from .adventureset import AdventureSetCommands
adventure\adventureset.py:56: in <module>
    class AdventureSetCommands(AdventureMixin):
adventure\adventureset.py:128: in AdventureSetCommands
    @adventureset_locks.command(name="user")
     ^^^^^^^^^^^^^^^^^^^^^^^^^^
E   AttributeError: 'function' object has no attribute 'command'
__________ ERROR collecting tests/unit/test_do_work_rewardengine.py ___________
ImportError while importing test module 'Z:\GeneralsRPG\tests\unit\test_do_work_rewardengine.py'.
Hint: make sure your test modules/packages have valid Python names.
Traceback:
C:\Program Files\Python311\Lib\importlib\__init__.py:126: in import_module
    return _bootstrap._gcd_import(name[level:], package, level)
           ^^^^^^^^^^^^^^^^^^^^^^^^^^^^^^^^^^^^^^^^^^^^^^^^^^^^
tests\unit\test_do_work_rewardengine.py:20: in <module>
    loot_mod = importlib.import_module("adventure.loot")
               ^^^^^^^^^^^^^^^^^^^^^^^^^^^^^^^^^^^^^^^^^
C:\Program Files\Python311\Lib\importlib\__init__.py:126: in import_module
    return _bootstrap._gcd_import(name[level:], package, level)
           ^^^^^^^^^^^^^^^^^^^^^^^^^^^^^^^^^^^^^^^^^^^^^^^^^^^^
adventure\loot.py:79: in <module>
    from adventure.menus import BackpackMenu, BackpackSource
adventure\menus.py:10: in <module>
    from redbot.vendored.discord.ext import menus
E   ModuleNotFoundError: No module named 'redbot.vendored'; 'redbot' is not a package
____________ ERROR collecting tests/unit/test_mapping_and_build.py ____________
ImportError while importing test module 'Z:\GeneralsRPG\tests\unit\test_mapping_and_build.py'.
Hint: make sure your test modules/packages have valid Python names.
Traceback:
C:\Program Files\Python311\Lib\importlib\__init__.py:126: in import_module
    return _bootstrap._gcd_import(name[level:], package, level)
           ^^^^^^^^^^^^^^^^^^^^^^^^^^^^^^^^^^^^^^^^^^^^^^^^^^^^
tests\unit\test_mapping_and_build.py:4: in <module>
    from adventure.loot import LootCommands
adventure\loot.py:79: in <module>
    from adventure.menus import BackpackMenu, BackpackSource
adventure\menus.py:10: in <module>
    from redbot.vendored.discord.ext import menus
E   ModuleNotFoundError: No module named 'redbot.vendored'; 'redbot' is not a package
__________________ ERROR collecting tests/unit/test_units.py __________________
ImportError while importing test module 'Z:\GeneralsRPG\tests\unit\test_units.py'.
Hint: make sure your test modules/packages have valid Python names.
Traceback:
C:\Program Files\Python311\Lib\importlib\__init__.py:126: in import_module
    return _bootstrap._gcd_import(name[level:], package, level)
           ^^^^^^^^^^^^^^^^^^^^^^^^^^^^^^^^^^^^^^^^^^^^^^^^^^^^
tests\unit\test_units.py:4: in <module>
    from adventure.units import UnitState, units_to_serialized, units_from_serialized, heal_unit, repair_unit, passive_recover
E   ImportError: cannot import name 'heal_unit' from 'adventure.units' (Z:\GeneralsRPG\adventure\units.py)
=========================== short test summary info ===========================
ERROR tests/test_import_adventure.py - AttributeError: 'function' object has ...
ERROR tests/unit/test_actions.py - AttributeError: 'function' object has no a...
ERROR tests/unit/test_build.py - AttributeError: 'function' object has no att...
ERROR tests/unit/test_build_edgecases.py
ERROR tests/unit/test_cog_commands.py - AttributeError: 'function' object has...
ERROR tests/unit/test_do_work.py - AttributeError: 'function' object has no a...
ERROR tests/unit/test_do_work_actions.py - AttributeError: 'function' object ...
ERROR tests/unit/test_do_work_rewardengine.py
ERROR tests/unit/test_mapping_and_build.py
ERROR tests/unit/test_units.py
!!!!!!!!!!!!!!!!!! Interrupted: 10 errors during collection !!!!!!!!!!!!!!!!!!!
